ESP-ROM:esp32s3-20210327
Build:Mar 27 2021
rst:0x15 (USB_UART_CHIP_RESET),boot:0x8 (SPI_FAST_FLASH_BOOT)
Saved PC:0x4205f9ae
SPIWP:0xee
mode:DIO, clock div:1
load:0x3fcd0108,len:0x164c
load:0x403b6000,len:0xb7c
load:0x403ba000,len:0x2f74
entry 0x403b6248
[0;32mI (24) boot: ESP-IDF v4.4.1 2nd stage bootloader[0m
[0;32mI (25) boot: compile time 08:20:34[0m
[0;32mI (25) boot: chip revision: 0[0m
[0;32mI (26) boot.esp32s3: Boot SPI Speed : 80MHz[0m
[0;32mI (31) boot.esp32s3: SPI Mode       : DIO[0m
[0;32mI (36) boot.esp32s3: SPI Flash Size : 2MB[0m
[0;32mI (40) boot: Enabling RNG early entropy source...[0m
[0;32mI (46) boot: Partition Table:[0m
[0;32mI (49) boot: ## Label            Usage          Type ST Offset   Length[0m
[0;32mI (57) boot:  0 nvs              WiFi data        01 02 00009000 00006000[0m
[0;32mI (64) boot:  1 phy_init         RF data          01 01 0000f000 00001000[0m
[0;32mI (72) boot:  2 factory          factory app      00 00 00010000 00100000[0m
[0;32mI (79) boot: End of partition table[0m
[0;32mI (83) esp_image: segment 0: paddr=00010020 vaddr=3c070020 size=11f5ch ( 73564) map[0m
[0;32mI (105) esp_image: segment 1: paddr=00021f84 vaddr=3fc946a0 size=0414ch ( 16716) load[0m
[0;32mI (109) esp_image: segment 2: paddr=000260d8 vaddr=40374000 size=09f40h ( 40768) load[0m
[0;32mI (120) esp_image: segment 3: paddr=00030020 vaddr=42000020 size=622c0h (402112) map[0m
[0;32mI (192) esp_image: segment 4: paddr=000922e8 vaddr=4037df40 size=06760h ( 26464) load[0m
[0;32mI (199) esp_image: segment 5: paddr=00098a50 vaddr=50000000 size=00010h (    16) load[0m
[0;32mI (206) boot: Loaded app from partition at offset 0x10000[0m
[0;32mI (206) boot: Disabling RNG early entropy source...[0m
[0;32mI (221) cpu_start: Pro cpu up.[0m
[0;32mI (221) cpu_start: Starting app cpu, entry point is 0x403751d0[0m
[0;32mI (0) cpu_start: App cpu up.[0m
[0;32mI (235) cpu_start: Pro cpu start user code[0m
[0;32mI (235) cpu_start: cpu freq: 160000000[0m
[0;32mI (235) cpu_start: Application information:[0m
[0;32mI (238) cpu_start: Project name:     espnow_receiver[0m
[0;32mI (243) cpu_start: App version:      14bb56c-dirty[0m
[0;32mI (249) cpu_start: Compile time:     Mar  1 2024 16:06:47[0m
[0;32mI (255) cpu_start: ELF file SHA256:  526352ba1746a2cf...[0m
[0;32mI (261) cpu_start: ESP-IDF:          v4.4.1-dirty[0m
[0;32mI (266) heap_init: Initializing. RAM available for dynamic allocation:[0m
[0;32mI (274) heap_init: At 3FC9B9F8 len 00044608 (273 KiB): D/IRAM[0m
[0;32mI (280) heap_init: At 3FCE0000 len 0000EE34 (59 KiB): STACK/DRAM[0m
[0;32mI (287) heap_init: At 3FCF0000 len 00008000 (32 KiB): DRAM[0m
[0;32mI (293) heap_init: At 600FE000 len 00002000 (8 KiB): RTCRAM[0m
[0;32mI (300) spi_flash: detected chip: gd[0m
[0;32mI (304) spi_flash: flash io: dio[0m
[0;33mW (307) spi_flash: Detected size(8192k) larger than the size in the binary image header(2048k). Using the size in the binary image header.[0m
[0;32mI (321) sleep: Configure to isolate all GPIO pins in sleep state[0m
[0;32mI (328) sleep: Enable automatic switching of GPIO sleep configuration[0m
[0;32mI (335) cpu_start: Starting scheduler on PRO CPU.[0m
[0;32mI (0) cpu_start: Starting scheduler on APP CPU.[0m
[0;32mI (375) pp: pp rom version: e7ae62f[0m
[0;32mI (375) net80211: net80211 rom version: e7ae62f[0m
I (385) wifi:wifi driver task: 3fce33b8, prio:23, stack:6656, core=0
[0;32mI (385) system_api: Base MAC address is not set[0m
[0;32mI (385) system_api: read default base MAC address from EFUSE[0m
I (385) wifi:wifi firmware version: 63017e0
I (395) wifi:wifi certification version: v7.0
I (395) wifi:config NVS flash: enabled
I (395) wifi:config nano formating: disabled
I (405) wifi:Init data frame dynamic rx buffer num: 32
I (405) wifi:Init management frame dynamic rx buffer num: 32
I (415) wifi:Init management short buffer num: 32
I (415) wifi:Init dynamic tx buffer num: 32
I (425) wifi:Init static tx FG buffer num: 2
I (425) wifi:Init static rx buffer size: 1600
I (425) wifi:Init static rx buffer num: 10
I (435) wifi:Init dynamic rx buffer num: 32
[0;32mI (435) wifi_init: rx ba win: 6[0m
[0;32mI (445) wifi_init: tcpip mbox: 32[0m
[0;32mI (445) wifi_init: udp mbox: 6[0m
[0;32mI (445) wifi_init: tcp mbox: 6[0m
[0;32mI (455) wifi_init: tcp tx win: 5744[0m
[0;32mI (455) wifi_init: tcp rx win: 5744[0m
[0;32mI (465) wifi_init: tcp mss: 1440[0m
[0;32mI (465) wifi_init: WiFi IRAM OP enabled[0m
[0;32mI (465) wifi_init: WiFi RX IRAM OP enabled[0m
[0;32mI (475) phy_init: phy_version 501,94697a2,Apr  7 2022,20:49:08[0m
