ESP-ROM:esp32s3-20210327
Build:Mar 27 2021
rst:0x15 (USB_UART_CHIP_RESET),boot:0x8 (SPI_FAST_FLASH_BOOT)
Saved PC:0x4205f9ae
SPIWP:0xee
mode:DIO, clock div:1
load:0x3fcd0108,len:0x164c
load:0x403b6000,len:0xb7c
load:0x403ba000,len:0x2f74
entry 0x403b6248
[0;32mI (24) boot: ESP-IDF v4.4.1 2nd stage bootloader[0m
[0;32mI (25) boot: compile time 08:20:34[0m
[0;32mI (25) boot: chip revision: 0[0m
[0;32mI (26) boot.esp32s3: Boot SPI Speed : 80MHz[0m
[0;32mI (31) boot.esp32s3: SPI Mode       : DIO[0m
[0;32mI (36) boot.esp32s3: SPI Flash Size : 2MB[0m
[0;32mI (40) boot: Enabling RNG early entropy source...[0m
[0;32mI (46) boot: Partition Table:[0m
[0;32mI (49) boot: ## Label            Usage          Type ST Offset   Length[0m
[0;32mI (57) boot:  0 nvs              WiFi data        01 02 00009000 00006000[0m
[0;32mI (64) boot:  1 phy_init         RF data          01 01 0000f000 00001000[0m
[0;32mI (72) boot:  2 factory          factory app      00 00 00010000 00100000[0m
[0;32mI (79) boot: End of partition table[0m
[0;32mI (83) esp_image: segment 0: paddr=00010020 vaddr=3c070020 size=11f5ch ( 73564) map[0m
[0;32mI (105) esp_image: segment 1: paddr=00021f84 vaddr=3fc946a0 size=0414ch ( 16716) load[0m
[0;32mI (109) esp_image: segment 2: paddr=000260d8 vaddr=40374000 size=09f40h ( 40768) load[0m
[0;32mI (120) esp_image: segment 3: paddr=00030020 vaddr=42000020 size=622c0h (402112) map[0m
[0;32mI (192) esp_image: segment 4: paddr=000922e8 vaddr=4037df40 size=06760h ( 26464) load[0m
[0;32mI (199) esp_image: segment 5: paddr=00098a50 vaddr=50000000 size=00010h (    16) load[0m
[0;32mI (206) boot: Loaded app from partition at offset 0x10000[0m
[0;32mI (206) boot: Disabling RNG early entropy source...[0m
[0;32mI (221) cpu_start: Pro cpu up.[0m
[0;32mI (221) cpu_start: Starting app cpu, entry point is 0x403751d0[0m
[0;32mI (0) cpu_start: App cpu up.[0m
[0;32mI (235) cpu_start: Pro cpu start user code[0m
[0;32mI (235) cpu_start: cpu freq: 160000000[0m
[0;32mI (235) cpu_start: Application information:[0m
[0;32mI (238) cpu_start: Project name:     espnow_receiver[0m
[0;32mI (243) cpu_start: App version:      d7dbe07-dirty[0m
[0;32mI (249) cpu_start: Compile time:     Feb 28 2024 16:14:17[0m
[0;32mI (255) cpu_start: ELF file SHA256:  cda89aaa44943ab2...[0m
[0;32mI (261) cpu_start: ESP-IDF:          v4.4.1[0m
[0;32mI (266) heap_init: Initializing. RAM available for dynamic allocation:[0m
[0;32mI (273) heap_init: At 3FC9B9F8 len 00044608 (273 KiB): D/IRAM[0m
[0;32mI (279) heap_init: At 3FCE0000 len 0000EE34 (59 KiB): STACK/DRAM[0m
[0;32mI (286) heap_init: At 3FCF0000 len 00008000 (32 KiB): DRAM[0m
[0;32mI (292) heap_init: At 600FE000 len 00002000 (8 KiB): RTCRAM[0m
[0;32mI (299) spi_flash: detected chip: gd[0m
[0;32mI (303) spi_flash: flash io: dio[0m
[0;33mW (307) spi_flash: Detected size(8192k) larger than the size in the binary image header(2048k). Using the size in the binary image header.[0m
[0;32mI (320) sleep: Configure to isolate all GPIO pins in sleep state[0m
[0;32mI (327) sleep: Enable automatic switching of GPIO sleep configuration[0m
[0;32mI (334) cpu_start: Starting scheduler on PRO CPU.[0m
[0;32mI (0) cpu_start: Starting scheduler on APP CPU.[0m
[0;32mI (375) pp: pp rom version: e7ae62f[0m
[0;32mI (375) net80211: net80211 rom version: e7ae62f[0m
I (385) wifi:wifi driver task: 3fce33b8, prio:23, stack:6656, core=0
[0;32mI (385) system_api: Base MAC address is not set[0m
[0;32mI (385) system_api: read default base MAC address from EFUSE[0m
I (385) wifi:wifi firmware version: 63017e0
I (395) wifi:wifi certification version: v7.0
I (395) wifi:config NVS flash: enabled
I (395) wifi:config nano formating: disabled
I (405) wifi:Init data frame dynamic rx buffer num: 32
I (405) wifi:Init management frame dynamic rx buffer num: 32
I (415) wifi:Init management short buffer num: 32
I (415) wifi:Init dynamic tx buffer num: 32
I (425) wifi:Init static tx FG buffer num: 2
I (425) wifi:Init static rx buffer size: 1600
I (425) wifi:Init static rx buffer num: 10
I (435) wifi:Init dynamic rx buffer num: 32
[0;32mI (435) wifi_init: rx ba win: 6[0m
[0;32mI (445) wifi_init: tcpip mbox: 32[0m
[0;32mI (445) wifi_init: udp mbox: 6[0m
[0;32mI (445) wifi_init: tcp mbox: 6[0m
[0;32mI (455) wifi_init: tcp tx win: 5744[0m
[0;32mI (455) wifi_init: tcp rx win: 5744[0m
[0;32mI (465) wifi_init: tcp mss: 1440[0m
[0;32mI (465) wifi_init: WiFi IRAM OP enabled[0m
[0;32mI (465) wifi_init: WiFi RX IRAM OP enabled[0m
[0;32mI (475) phy_init: phy_version 501,94697a2,Apr  7 2022,20:49:08[0m
I (585) wifi:mode : sta (dc:54:75:c1:80:34)
I (585) wifi:enable tsf
I (585) ESPNOW: espnow [version: 1.0] init
[0;32mI (47325) espnow_recv: (1156089;0;500;3)[0m
[0;32mI (47325) espnow_recv: (2031326;0;500;0)[0m
[0;32mI (47325) espnow_recv: (1563615;0;500;2)[0m
[0;32mI (47395) espnow_recv: (106743;0;700;3)[0m
[0;32mI (47395) espnow_recv: (102613;0;700;0)[0m
[0;32mI (47395) espnow_recv: (911789;0;700;2)[0m
[0;32mI (47465) espnow_recv: (104875;0;700;3)[0m
[0;32mI (47465) espnow_recv: (100655;0;700;0)[0m
[0;32mI (47465) espnow_recv: (1000731;0;700;2)[0m
[0;32mI (47535) espnow_recv: (110099;0;700;3)[0m
[0;32mI (47535) espnow_recv: (98862;0;700;0)[0m
[0;32mI (47535) espnow_recv: (942927;0;700;2)[0m
[0;32mI (47605) espnow_recv: (136209;0;900;3)[0m
[0;32mI (47605) espnow_recv: (107990;0;700;0)[0m
[0;32mI (47605) espnow_recv: (1024542;0;700;2)[0m
[0;32mI (47675) espnow_recv: (166511;0;1100;3)[0m
[0;32mI (47675) espnow_recv: (129138;0;900;0)[0m
[0;32mI (47675) espnow_recv: (966798;0;700;2)[0m
[0;32mI (47745) espnow_recv: (199974;0;1300;3)[0m
[0;32mI (47745) espnow_recv: (155064;0;1100;0)[0m
[0;32mI (47745) espnow_recv: (916062;0;700;2)[0m
[0;32mI (47815) espnow_recv: (222378;0;1500;3)[0m
[0;32mI (47815) espnow_recv: (191256;0;1300;0)[0m
[0;32mI (47815) espnow_recv: (621447;0;700;2)[0m
[0;32mI (47885) espnow_recv: (258129;0;1700;3)[0m
[0;32mI (47885) espnow_recv: (210533;0;1500;0)[0m
[0;32mI (47885) espnow_recv: (66502;0;700;2)[0m
[0;32mI (47955) espnow_recv: (284600;0;1900;3)[0m
[0;32mI (47955) espnow_recv: (246761;0;1700;0)[0m
[0;32mI (47955) espnow_recv: (75869;0;700;2)[0m
[0;32mI (48025) espnow_recv: (315228;0;2100;3)[0m
[0;32mI (48025) espnow_recv: (273174;0;1900;0)[0m
[0;32mI (48025) espnow_recv: (88934;0;900;2)[0m
[0;32mI (48095) espnow_recv: (348004;0;2300;3)[0m
[0;32mI (48095) espnow_recv: (752108;0;2100;0)[0m
[0;32mI (48095) espnow_recv: (110610;0;1100;2)[0m
[0;32mI (48165) espnow_recv: (369963;0;2500;3)[0m
[0;32mI (48165) espnow_recv: (677055;0;2100;0)[0m
[0;32mI (48165) espnow_recv: (127637;0;1300;2)[0m
[0;32mI (48235) espnow_recv: (408200;0;2700;3)[0m
[0;32mI (48235) espnow_recv: (301500;0;2100;0)[0m
[0;32mI (48235) espnow_recv: (150603;0;1500;2)[0m
[0;32mI (48305) espnow_recv: (304782;0;2100;0)[0m
[0;32mI (48305) espnow_recv: (170678;0;1700;2)[0m
[0;32mI (48375) espnow_recv: (187387;0;1900;2)[0m
[0;32mI (48375) espnow_recv: (333304;0;2300;0)[0m
[0;32mI (48445) espnow_recv: (349027;0;2500;0)[0m
[0;32mI (48445) espnow_recv: (202807;0;2100;2)[0m
[0;32mI (48515) espnow_recv: (386552;0;2700;0)[0m
[0;32mI (48515) espnow_recv: (231061;0;2300;2)[0m
[0;32mI (48585) espnow_recv: (407136;0;2900;0)[0m
[0;32mI (48585) espnow_recv: (244915;0;2500;2)[0m
[0;32mI (48655) espnow_recv: (268735;0;2700;2)[0m
[0;32mI (48725) espnow_recv: (282845;0;2900;2)[0m
[0;32mI (48795) espnow_recv: (305370;0;3100;2)[0m
[0;32mI (48865) espnow_recv: (305370;0;3300;2)[0m
[0;32mI (48935) espnow_recv: (0;0;3500;2)[0m
[0;32mI (49005) espnow_recv: (0;0;3500;2)[0m
[0;32mI (49075) espnow_recv: (364962;0;3700;2)[0m
[0;32mI (49145) espnow_recv: (381611;0;3900;2)[0m
